execve("./q1", ["./q1"], 0x7ffd42f83700 /* 69 vars */) = 0
brk(NULL)                               = 0x628c624d2000
arch_prctl(0x3001 /* ARCH_??? */, 0x7ffe165aff40) = -1 EINVAL (Invalid argument)
mmap(NULL, 8192, PROT_READ|PROT_WRITE, MAP_PRIVATE|MAP_ANONYMOUS, -1, 0) = 0x79d4188c6000
access("/etc/ld.so.preload", R_OK)      = -1 ENOENT (No such file or directory)
openat(AT_FDCWD, "/etc/ld.so.cache", O_RDONLY|O_CLOEXEC) = 3
newfstatat(3, "", {st_mode=S_IFREG|0644, st_size=87320, ...}, AT_EMPTY_PATH) = 0
mmap(NULL, 87320, PROT_READ, MAP_PRIVATE, 3, 0) = 0x79d4188b0000
close(3)                                = 0
openat(AT_FDCWD, "/lib/x86_64-linux-gnu/libc.so.6", O_RDONLY|O_CLOEXEC) = 3
read(3, "\177ELF\2\1\1\3\0\0\0\0\0\0\0\0\3\0>\0\1\0\0\0P\237\2\0\0\0\0\0"..., 832) = 832
pread64(3, "\6\0\0\0\4\0\0\0@\0\0\0\0\0\0\0@\0\0\0\0\0\0\0@\0\0\0\0\0\0\0"..., 784, 64) = 784
pread64(3, "\4\0\0\0 \0\0\0\5\0\0\0GNU\0\2\0\0\300\4\0\0\0\3\0\0\0\0\0\0\0"..., 48, 848) = 48
pread64(3, "\4\0\0\0\24\0\0\0\3\0\0\0GNU\0\325\31p\226\367\t\200\30)\261\30\257\33|\366c"..., 68, 896) = 68
newfstatat(3, "", {st_mode=S_IFREG|0755, st_size=2220400, ...}, AT_EMPTY_PATH) = 0
pread64(3, "\6\0\0\0\4\0\0\0@\0\0\0\0\0\0\0@\0\0\0\0\0\0\0@\0\0\0\0\0\0\0"..., 784, 64) = 784
mmap(NULL, 2264656, PROT_READ, MAP_PRIVATE|MAP_DENYWRITE, 3, 0) = 0x79d418600000
mprotect(0x79d418628000, 2023424, PROT_NONE) = 0
mmap(0x79d418628000, 1658880, PROT_READ|PROT_EXEC, MAP_PRIVATE|MAP_FIXED|MAP_DENYWRITE, 3, 0x28000) = 0x79d418628000
mmap(0x79d4187bd000, 360448, PROT_READ, MAP_PRIVATE|MAP_FIXED|MAP_DENYWRITE, 3, 0x1bd000) = 0x79d4187bd000
mmap(0x79d418816000, 24576, PROT_READ|PROT_WRITE, MAP_PRIVATE|MAP_FIXED|MAP_DENYWRITE, 3, 0x215000) = 0x79d418816000
mmap(0x79d41881c000, 52816, PROT_READ|PROT_WRITE, MAP_PRIVATE|MAP_FIXED|MAP_ANONYMOUS, -1, 0) = 0x79d41881c000
close(3)                                = 0
mmap(NULL, 12288, PROT_READ|PROT_WRITE, MAP_PRIVATE|MAP_ANONYMOUS, -1, 0) = 0x79d4188ad000
arch_prctl(ARCH_SET_FS, 0x79d4188ad740) = 0
set_tid_address(0x79d4188ada10)         = 18947
set_robust_list(0x79d4188ada20, 24)     = 0
rseq(0x79d4188ae0e0, 0x20, 0, 0x53053053) = 0
mprotect(0x79d418816000, 16384, PROT_READ) = 0
mprotect(0x628c52782000, 4096, PROT_READ) = 0
mprotect(0x79d418900000, 8192, PROT_READ) = 0
prlimit64(0, RLIMIT_STACK, NULL, {rlim_cur=8192*1024, rlim_max=RLIM64_INFINITY}) = 0
munmap(0x79d4188b0000, 87320)           = 0
openat(AT_FDCWD, "/tmp/my_tempfile.txt", O_WRONLY|O_CREAT|O_TRUNC, 0644) = 3
write(3, "Temporary file written by parent"..., 42) = 42
close(3)                                = 0
clone(child_stack=NULL, flags=CLONE_CHILD_CLEARTID|CLONE_CHILD_SETTID|SIGCHLD, child_tidptr=0x79d4188ada10) = 18948
wait4(-1, [{WIFEXITED(s) && WEXITSTATUS(s) == 0}], 0, NULL) = 18948
--- SIGCHLD {si_signo=SIGCHLD, si_code=CLD_EXITED, si_pid=18948, si_uid=1000, si_status=0, si_utime=0, si_stime=0} ---
newfstatat(1, "", {st_mode=S_IFCHR|0620, st_rdev=makedev(0x88, 0x1), ...}, AT_EMPTY_PATH) = 0
getrandom("\x14\x48\xbe\x26\x67\xa3\xfa\xf6", 8, GRND_NONBLOCK) = 8
brk(NULL)                               = 0x628c624d2000
brk(0x628c624f3000)                     = 0x628c624f3000
write(1, "\n", 1)                       = 1
write(1, "Child process finished.\n", 24) = 24
openat(AT_FDCWD, "/tmp/my_tempfile.txt", O_RDONLY) = 3
read(3, "Temporary file written by parent"..., 255) = 42
write(1, "Parent read from file:\n", 23) = 23
write(1, "Temporary file written by parent"..., 42) = 42
write(1, "\n", 1)                       = 1
close(3)                                = 0
unlink("/tmp/my_tempfile.txt")          = 0
exit_group(0)                           = ?
+++ exited with 0 +++
