% time     seconds  usecs/call     calls    errors syscall
------ ----------- ----------- --------- --------- ----------------
 94,49    8,114909           8   1000004           newfstatat
  5,50    0,472095          49      9495           write
  0,01    0,000594         594         1           execve
  0,00    0,000361          45         8           mmap
  0,00    0,000118          29         4           mprotect
  0,00    0,000085          21         4           openat
  0,00    0,000067          16         4           pread64
  0,00    0,000065          16         4           close
  0,00    0,000052          26         2         1 arch_prctl
  0,00    0,000046          46         1           munmap
  0,00    0,000042          14         3           read
  0,00    0,000031          10         3           brk
  0,00    0,000024          24         1         1 access
  0,00    0,000012          12         1           getrandom
  0,00    0,000009           9         1           prlimit64
  0,00    0,000008           8         1           lseek
  0,00    0,000008           8         1           rseq
  0,00    0,000007           7         1           set_tid_address
  0,00    0,000006           6         1           set_robust_list
------ ----------- ----------- --------- --------- ----------------
100,00    8,588539           8   1009540         2 total
