% time     seconds  usecs/call     calls    errors syscall
------ ----------- ----------- --------- --------- ----------------
 53,44    9,530019           9   1000000           write
 46,52    8,295934           8   1000003           newfstatat
  0,04    0,006567        1641         4           openat
  0,00    0,000788         197         4           close
  0,00    0,000135          16         8           mmap
  0,00    0,000080          20         4           mprotect
  0,00    0,000028          28         1           munmap
  0,00    0,000024           8         3           brk
  0,00    0,000023           7         3           read
  0,00    0,000023           5         4           pread64
  0,00    0,000017          17         1         1 access
  0,00    0,000008           8         1           getrandom
  0,00    0,000007           7         1           prlimit64
  0,00    0,000006           3         2         1 arch_prctl
  0,00    0,000005           5         1           lseek
  0,00    0,000005           5         1           set_robust_list
  0,00    0,000005           5         1           rseq
  0,00    0,000004           4         1           set_tid_address
  0,00    0,000000           0         1           execve
------ ----------- ----------- --------- --------- ----------------
100,00   17,833678           8   2000044         2 total
